Using device: cuda
Run directory: ./results/v2/runs/full_sup_s0
seed=0  point_seed=0  fixed_points=True  full_supervision=True  sampling=uniform  use_slic=False
Epoch 1/50
  train_loss=0.6191  val_mIoU=0.3254
  -> saved best checkpoint (mIoU=0.3254)
Epoch 2/50
  train_loss=0.2907  val_mIoU=0.4710
  -> saved best checkpoint (mIoU=0.4710)
Epoch 3/50
  train_loss=0.2285  val_mIoU=0.4936
  -> saved best checkpoint (mIoU=0.4936)
Epoch 4/50
  train_loss=0.1917  val_mIoU=0.5336
  -> saved best checkpoint (mIoU=0.5336)
Epoch 5/50
  train_loss=0.1767  val_mIoU=0.5383
  -> saved best checkpoint (mIoU=0.5383)
Epoch 6/50
  train_loss=0.1491  val_mIoU=0.5425
  -> saved best checkpoint (mIoU=0.5425)
Epoch 7/50
  train_loss=0.1432  val_mIoU=0.5622
  -> saved best checkpoint (mIoU=0.5622)
Epoch 8/50
  train_loss=0.1321  val_mIoU=0.5597
Epoch 9/50
  train_loss=0.1253  val_mIoU=0.5722
  -> saved best checkpoint (mIoU=0.5722)
Epoch 10/50
  train_loss=0.1189  val_mIoU=0.5680
Epoch 11/50
  train_loss=0.1117  val_mIoU=0.5820
  -> saved best checkpoint (mIoU=0.5820)
Epoch 12/50
  train_loss=0.1066  val_mIoU=0.5517
Epoch 13/50
  train_loss=0.1022  val_mIoU=0.5722
Epoch 14/50
  train_loss=0.1020  val_mIoU=0.5709
Epoch 15/50
  train_loss=0.0940  val_mIoU=0.5748
Epoch 16/50
  train_loss=0.0843  val_mIoU=0.5836
  -> saved best checkpoint (mIoU=0.5836)
Epoch 17/50
  train_loss=0.0839  val_mIoU=0.5774
Epoch 18/50
  train_loss=0.0784  val_mIoU=0.5824
Epoch 19/50
  train_loss=0.0775  val_mIoU=0.5805
Epoch 20/50
  train_loss=0.0726  val_mIoU=0.5693
Epoch 21/50
  train_loss=0.0717  val_mIoU=0.5767
Epoch 22/50
  train_loss=0.0757  val_mIoU=0.5905
  -> saved best checkpoint (mIoU=0.5905)
Epoch 23/50
  train_loss=0.0737  val_mIoU=0.5718
Epoch 24/50
  train_loss=0.0698  val_mIoU=0.5818
Epoch 25/50
  train_loss=0.0693  val_mIoU=0.5842
Epoch 26/50
  train_loss=0.0621  val_mIoU=0.5889
Epoch 27/50
  train_loss=0.0626  val_mIoU=0.5735
Epoch 28/50
  train_loss=0.0611  val_mIoU=0.5965
  -> saved best checkpoint (mIoU=0.5965)
Epoch 29/50
  train_loss=0.0682  val_mIoU=0.5712
Epoch 30/50
  train_loss=0.0670  val_mIoU=0.5785
Epoch 31/50
  train_loss=0.0603  val_mIoU=0.5892
Epoch 32/50
  train_loss=0.0565  val_mIoU=0.5912
Epoch 33/50
  train_loss=0.0548  val_mIoU=0.5950
Epoch 34/50
  train_loss=0.0559  val_mIoU=0.5929
Epoch 35/50
  train_loss=0.0533  val_mIoU=0.5886
Epoch 36/50
  train_loss=0.0540  val_mIoU=0.5939
Epoch 37/50
  train_loss=0.0537  val_mIoU=0.5915
Epoch 38/50
  train_loss=0.0503  val_mIoU=0.5863
Epoch 39/50
  train_loss=0.0491  val_mIoU=0.5875
Epoch 40/50
  train_loss=0.0503  val_mIoU=0.5857
Epoch 41/50
  train_loss=0.0483  val_mIoU=0.5868
Epoch 42/50
  train_loss=0.0457  val_mIoU=0.5914
Epoch 43/50
  train_loss=0.0443  val_mIoU=0.5940
Epoch 44/50
  train_loss=0.0441  val_mIoU=0.5801
Epoch 45/50
  train_loss=0.0455  val_mIoU=0.5993
  -> saved best checkpoint (mIoU=0.5993)
Epoch 46/50
  train_loss=0.0435  val_mIoU=0.5843
Epoch 47/50
  train_loss=0.0438  val_mIoU=0.6007
  -> saved best checkpoint (mIoU=0.6007)
Epoch 48/50
  train_loss=0.0427  val_mIoU=0.5928
Epoch 49/50
  train_loss=0.0416  val_mIoU=0.5918
Epoch 50/50
  train_loss=0.0422  val_mIoU=0.5924
Training complete. Best val mIoU: 0.6007
Artifacts in: ./results/v2/runs/full_sup_s0
/home/ubuntu/partial-ce-segmentation/evaluate.py:91: DeprecationWarning: datetime.datetime.utcnow() is deprecated and scheduled for removal in a future version. Use timezone-aware objects to represent datetimes in UTC: datetime.datetime.now(datetime.UTC).
  "timestamp":        datetime.utcnow().isoformat(),
/home/ubuntu/partial-ce-segmentation/evaluate.py:124: DeprecationWarning: datetime.datetime.utcnow() is deprecated and scheduled for removal in a future version. Use timezone-aware objects to represent datetimes in UTC: datetime.datetime.now(datetime.UTC).
  "timestamp":          datetime.utcnow().isoformat(),

Test results  (run: full_sup_s0)
----------------------------------------
  Impervious surfaces      0.8056
  Building                 0.8234
  Low vegetation           0.6069
  Tree                     0.5802
  Car                      0.7221
  Clutter/background       0.1635
----------------------------------------
  mIoU                     0.6170

Saved test_metrics.json → results/v2/runs/full_sup_s0
Upserted row  → ./results/v2/summary.csv
